// Jest Snapshot v1, https://goo.gl/fbAQLP

exports[`PlanSelector doesn't render when hidden 1`] = `<div />`;

exports[`PlanSelector renders when not hidden 1`] = `
<div>
  <div
    class="nextui-c-kRHeuF nextui-c-kRHeuF-ienfGvA-css nextui-grid-item nextui-grid-container"
  >
    <div
      class="nextui-c-kRHeuF nextui-c-kRHeuF-ifdaEcH-css nextui-grid-item xs sm"
    >
      <div
        class="nextui-c-BDLTQ nextui-c-jMTBsW nextui-c-gulvcB nextui-c-BDLTQ-eZMbDJ-variant-shadow nextui-c-BDLTQ-fmlsco-borderWeight-light nextui-c-BDLTQ-cuwTXc-disableAnimation-false nextui-c-BDLTQ-iZxJaC-isPressable-true"
        role="button"
        tabindex="0"
      >
        <div
          class="nextui-c-eFfoBo nextui-c-eFfoBo-ifBQDyP-css"
        >
          <div
            class="nextui-c-iVzbCs nextui-c-iVzbCs-bDGmTT-ready-true nextui-c-iVzbCs-iglXcVt-css nextui-image-container nextui-image--loading"
            data-state="loading"
          >
            <div
              class="nextui-c-FIiRH nextui-c-FIiRH-ibDGmTT-css nextui-image-skeleton"
            />
            <img
              alt="Orange"
              class="nextui-c-kbhVdb nextui-c-kbhVdb-ieCSSFU-css nextui-image"
              data-state="loading"
              height="140"
              src="https://nextui.org/images/fruit-1.jpeg"
              width="100%"
            />
          </div>
        </div>
        <div
          class="nextui-c-cakKrd nextui-c-cakKrd-ibVwQvh-css"
        >
          <div
            class="nextui-c-dfbgCO nextui-c-dfbgCO-fGHEql-fluid-true nextui-c-dfbgCO-ijHOHeI-css"
          >
            <b
              class="nextui-c-PJLV nextui-c-PJLV-ijnlmIz-css"
            >
              Orange
            </b>
            <p
              class="nextui-c-PJLV nextui-c-PJLV-igzIIoY-css"
            >
              $5.50
            </p>
          </div>
        </div>
      </div>
    </div>
    <div
      class="nextui-c-kRHeuF nextui-c-kRHeuF-ifdaEcH-css nextui-grid-item xs sm"
    >
      <div
        class="nextui-c-BDLTQ nextui-c-jMTBsW nextui-c-gulvcB nextui-c-BDLTQ-eZMbDJ-variant-shadow nextui-c-BDLTQ-fmlsco-borderWeight-light nextui-c-BDLTQ-cuwTXc-disableAnimation-false nextui-c-BDLTQ-iZxJaC-isPressable-true"
        role="button"
        tabindex="0"
      >
        <div
          class="nextui-c-eFfoBo nextui-c-eFfoBo-ifBQDyP-css"
        >
          <div
            class="nextui-c-iVzbCs nextui-c-iVzbCs-bDGmTT-ready-true nextui-c-iVzbCs-iglXcVt-css nextui-image-container nextui-image--loading"
            data-state="loading"
          >
            <div
              class="nextui-c-FIiRH nextui-c-FIiRH-ibDGmTT-css nextui-image-skeleton"
            />
            <img
              alt="Tangerine"
              class="nextui-c-kbhVdb nextui-c-kbhVdb-ieCSSFU-css nextui-image"
              data-state="loading"
              height="140"
              src="https://nextui.org/images/fruit-2.jpeg"
              width="100%"
            />
          </div>
        </div>
        <div
          class="nextui-c-cakKrd nextui-c-cakKrd-ibVwQvh-css"
        >
          <div
            class="nextui-c-dfbgCO nextui-c-dfbgCO-fGHEql-fluid-true nextui-c-dfbgCO-ijHOHeI-css"
          >
            <b
              class="nextui-c-PJLV nextui-c-PJLV-ijnlmIz-css"
            >
              Tangerine
            </b>
            <p
              class="nextui-c-PJLV nextui-c-PJLV-igzIIoY-css"
            >
              $3.00
            </p>
          </div>
        </div>
      </div>
    </div>
    <div
      class="nextui-c-kRHeuF nextui-c-kRHeuF-ifdaEcH-css nextui-grid-item xs sm"
    >
      <div
        class="nextui-c-BDLTQ nextui-c-jMTBsW nextui-c-gulvcB nextui-c-BDLTQ-eZMbDJ-variant-shadow nextui-c-BDLTQ-fmlsco-borderWeight-light nextui-c-BDLTQ-cuwTXc-disableAnimation-false nextui-c-BDLTQ-iZxJaC-isPressable-true"
        role="button"
        tabindex="0"
      >
        <div
          class="nextui-c-eFfoBo nextui-c-eFfoBo-ifBQDyP-css"
        >
          <div
            class="nextui-c-iVzbCs nextui-c-iVzbCs-bDGmTT-ready-true nextui-c-iVzbCs-iglXcVt-css nextui-image-container nextui-image--loading"
            data-state="loading"
          >
            <div
              class="nextui-c-FIiRH nextui-c-FIiRH-ibDGmTT-css nextui-image-skeleton"
            />
            <img
              alt="Cherry"
              class="nextui-c-kbhVdb nextui-c-kbhVdb-ieCSSFU-css nextui-image"
              data-state="loading"
              height="140"
              src="https://nextui.org/images/fruit-3.jpeg"
              width="100%"
            />
          </div>
        </div>
        <div
          class="nextui-c-cakKrd nextui-c-cakKrd-ibVwQvh-css"
        >
          <div
            class="nextui-c-dfbgCO nextui-c-dfbgCO-fGHEql-fluid-true nextui-c-dfbgCO-ijHOHeI-css"
          >
            <b
              class="nextui-c-PJLV nextui-c-PJLV-ijnlmIz-css"
            >
              Cherry
            </b>
            <p
              class="nextui-c-PJLV nextui-c-PJLV-igzIIoY-css"
            >
              $10.00
            </p>
          </div>
        </div>
      </div>
    </div>
    <div
      class="nextui-c-kRHeuF nextui-c-kRHeuF-ifdaEcH-css nextui-grid-item xs sm"
    >
      <div
        class="nextui-c-BDLTQ nextui-c-jMTBsW nextui-c-gulvcB nextui-c-BDLTQ-eZMbDJ-variant-shadow nextui-c-BDLTQ-fmlsco-borderWeight-light nextui-c-BDLTQ-cuwTXc-disableAnimation-false nextui-c-BDLTQ-iZxJaC-isPressable-true"
        role="button"
        tabindex="0"
      >
        <div
          class="nextui-c-eFfoBo nextui-c-eFfoBo-ifBQDyP-css"
        >
          <div
            class="nextui-c-iVzbCs nextui-c-iVzbCs-bDGmTT-ready-true nextui-c-iVzbCs-iglXcVt-css nextui-image-container nextui-image--loading"
            data-state="loading"
          >
            <div
              class="nextui-c-FIiRH nextui-c-FIiRH-ibDGmTT-css nextui-image-skeleton"
            />
            <img
              alt="Lemon"
              class="nextui-c-kbhVdb nextui-c-kbhVdb-ieCSSFU-css nextui-image"
              data-state="loading"
              height="140"
              src="https://nextui.org/images/fruit-4.jpeg"
              width="100%"
            />
          </div>
        </div>
        <div
          class="nextui-c-cakKrd nextui-c-cakKrd-ibVwQvh-css"
        >
          <div
            class="nextui-c-dfbgCO nextui-c-dfbgCO-fGHEql-fluid-true nextui-c-dfbgCO-ijHOHeI-css"
          >
            <b
              class="nextui-c-PJLV nextui-c-PJLV-ijnlmIz-css"
            >
              Lemon
            </b>
            <p
              class="nextui-c-PJLV nextui-c-PJLV-igzIIoY-css"
            >
              $5.30
            </p>
          </div>
        </div>
      </div>
    </div>
    <div
      class="nextui-c-kRHeuF nextui-c-kRHeuF-ifdaEcH-css nextui-grid-item xs sm"
    >
      <div
        class="nextui-c-BDLTQ nextui-c-jMTBsW nextui-c-gulvcB nextui-c-BDLTQ-eZMbDJ-variant-shadow nextui-c-BDLTQ-fmlsco-borderWeight-light nextui-c-BDLTQ-cuwTXc-disableAnimation-false nextui-c-BDLTQ-iZxJaC-isPressable-true"
        role="button"
        tabindex="0"
      >
        <div
          class="nextui-c-eFfoBo nextui-c-eFfoBo-ifBQDyP-css"
        >
          <div
            class="nextui-c-iVzbCs nextui-c-iVzbCs-bDGmTT-ready-true nextui-c-iVzbCs-iglXcVt-css nextui-image-container nextui-image--loading"
            data-state="loading"
          >
            <div
              class="nextui-c-FIiRH nextui-c-FIiRH-ibDGmTT-css nextui-image-skeleton"
            />
            <img
              alt="Avocado"
              class="nextui-c-kbhVdb nextui-c-kbhVdb-ieCSSFU-css nextui-image"
              data-state="loading"
              height="140"
              src="https://nextui.org/images/fruit-5.jpeg"
              width="100%"
            />
          </div>
        </div>
        <div
          class="nextui-c-cakKrd nextui-c-cakKrd-ibVwQvh-css"
        >
          <div
            class="nextui-c-dfbgCO nextui-c-dfbgCO-fGHEql-fluid-true nextui-c-dfbgCO-ijHOHeI-css"
          >
            <b
              class="nextui-c-PJLV nextui-c-PJLV-ijnlmIz-css"
            >
              Avocado
            </b>
            <p
              class="nextui-c-PJLV nextui-c-PJLV-igzIIoY-css"
            >
              $15.70
            </p>
          </div>
        </div>
      </div>
    </div>
    <div
      class="nextui-c-kRHeuF nextui-c-kRHeuF-ifdaEcH-css nextui-grid-item xs sm"
    >
      <div
        class="nextui-c-BDLTQ nextui-c-jMTBsW nextui-c-gulvcB nextui-c-BDLTQ-eZMbDJ-variant-shadow nextui-c-BDLTQ-fmlsco-borderWeight-light nextui-c-BDLTQ-cuwTXc-disableAnimation-false nextui-c-BDLTQ-iZxJaC-isPressable-true"
        role="button"
        tabindex="0"
      >
        <div
          class="nextui-c-eFfoBo nextui-c-eFfoBo-ifBQDyP-css"
        >
          <div
            class="nextui-c-iVzbCs nextui-c-iVzbCs-bDGmTT-ready-true nextui-c-iVzbCs-iglXcVt-css nextui-image-container nextui-image--loading"
            data-state="loading"
          >
            <div
              class="nextui-c-FIiRH nextui-c-FIiRH-ibDGmTT-css nextui-image-skeleton"
            />
            <img
              alt="Lemon 2"
              class="nextui-c-kbhVdb nextui-c-kbhVdb-ieCSSFU-css nextui-image"
              data-state="loading"
              height="140"
              src="https://nextui.org/images/fruit-6.jpeg"
              width="100%"
            />
          </div>
        </div>
        <div
          class="nextui-c-cakKrd nextui-c-cakKrd-ibVwQvh-css"
        >
          <div
            class="nextui-c-dfbgCO nextui-c-dfbgCO-fGHEql-fluid-true nextui-c-dfbgCO-ijHOHeI-css"
          >
            <b
              class="nextui-c-PJLV nextui-c-PJLV-ijnlmIz-css"
            >
              Lemon 2
            </b>
            <p
              class="nextui-c-PJLV nextui-c-PJLV-igzIIoY-css"
            >
              $8.00
            </p>
          </div>
        </div>
      </div>
    </div>
    <div
      class="nextui-c-kRHeuF nextui-c-kRHeuF-ifdaEcH-css nextui-grid-item xs sm"
    >
      <div
        class="nextui-c-BDLTQ nextui-c-jMTBsW nextui-c-gulvcB nextui-c-BDLTQ-eZMbDJ-variant-shadow nextui-c-BDLTQ-fmlsco-borderWeight-light nextui-c-BDLTQ-cuwTXc-disableAnimation-false nextui-c-BDLTQ-iZxJaC-isPressable-true"
        role="button"
        tabindex="0"
      >
        <div
          class="nextui-c-eFfoBo nextui-c-eFfoBo-ifBQDyP-css"
        >
          <div
            class="nextui-c-iVzbCs nextui-c-iVzbCs-bDGmTT-ready-true nextui-c-iVzbCs-iglXcVt-css nextui-image-container nextui-image--loading"
            data-state="loading"
          >
            <div
              class="nextui-c-FIiRH nextui-c-FIiRH-ibDGmTT-css nextui-image-skeleton"
            />
            <img
              alt="Banana"
              class="nextui-c-kbhVdb nextui-c-kbhVdb-ieCSSFU-css nextui-image"
              data-state="loading"
              height="140"
              src="https://nextui.org/images/fruit-7.jpeg"
              width="100%"
            />
          </div>
        </div>
        <div
          class="nextui-c-cakKrd nextui-c-cakKrd-ibVwQvh-css"
        >
          <div
            class="nextui-c-dfbgCO nextui-c-dfbgCO-fGHEql-fluid-true nextui-c-dfbgCO-ijHOHeI-css"
          >
            <b
              class="nextui-c-PJLV nextui-c-PJLV-ijnlmIz-css"
            >
              Banana
            </b>
            <p
              class="nextui-c-PJLV nextui-c-PJLV-igzIIoY-css"
            >
              $7.50
            </p>
          </div>
        </div>
      </div>
    </div>
    <div
      class="nextui-c-kRHeuF nextui-c-kRHeuF-ifdaEcH-css nextui-grid-item xs sm"
    >
      <div
        class="nextui-c-BDLTQ nextui-c-jMTBsW nextui-c-gulvcB nextui-c-BDLTQ-eZMbDJ-variant-shadow nextui-c-BDLTQ-fmlsco-borderWeight-light nextui-c-BDLTQ-cuwTXc-disableAnimation-false nextui-c-BDLTQ-iZxJaC-isPressable-true"
        role="button"
        tabindex="0"
      >
        <div
          class="nextui-c-eFfoBo nextui-c-eFfoBo-ifBQDyP-css"
        >
          <div
            class="nextui-c-iVzbCs nextui-c-iVzbCs-bDGmTT-ready-true nextui-c-iVzbCs-iglXcVt-css nextui-image-container nextui-image--loading"
            data-state="loading"
          >
            <div
              class="nextui-c-FIiRH nextui-c-FIiRH-ibDGmTT-css nextui-image-skeleton"
            />
            <img
              alt="Watermelon"
              class="nextui-c-kbhVdb nextui-c-kbhVdb-ieCSSFU-css nextui-image"
              data-state="loading"
              height="140"
              src="https://nextui.org/images/fruit-8.jpeg"
              width="100%"
            />
          </div>
        </div>
        <div
          class="nextui-c-cakKrd nextui-c-cakKrd-ibVwQvh-css"
        >
          <div
            class="nextui-c-dfbgCO nextui-c-dfbgCO-fGHEql-fluid-true nextui-c-dfbgCO-ijHOHeI-css"
          >
            <b
              class="nextui-c-PJLV nextui-c-PJLV-ijnlmIz-css"
            >
              Watermelon
            </b>
            <p
              class="nextui-c-PJLV nextui-c-PJLV-igzIIoY-css"
            >
              $12.20
            </p>
          </div>
        </div>
      </div>
    </div>
  </div>
</div>
`;
