// Jest Snapshot v1, https://goo.gl/fbAQLP

exports[`getServerSideProps renders the following page 1`] = `<div />`;
