// Jest Snapshot v1, https://goo.gl/fbAQLP

exports[`Tag renders 1`] = `
<div>
  <div>
    test-tag
  </div>
</div>
`;
